// Jest Snapshot v1, https://goo.gl/fbAQLP

exports[`renders the message 1`] = `
<div>
  main_
  foo
</div>
`;
